Info:CardData keys: []
Info:code_repo_hint = None
Info:Begin processing metrics.
Info:Calculating data_quality metric
Info:Calculating code_quality metric
Info:Calculating performance_claims metric
Info:Completeness keywords found: 0
Info:Calculating license score for: test/model
Info:Final code quality score: 0.08000000000000002
Info: Calculating bus factor metric
Info: Calculating ramp up time metric
Info:Reviewedness score: -1.0 (fraction: Info:CaInfo:Error: 'createdAt' field not found in API info
Info:No example code found - score: 0.0
Info:No tag - resorting to number of files
Info:Reproducibility score: 0.0, latency: 3ms
Info:Error getting model size for test/model: 401 Client Error. (Request ID: Root=1-693a3a7e-17471b8929315b203c4c52c0;c74139fb-890a-4c8c-9b21-aea71ef89340)

Repository Not Found for url: https://huggingface.co/api/models/test/model.
Please make sure you specified the correct `repo_id` and `repo_type`.
If you are trying to access a private or gated repo, make sure you are authenticated. For more details, see https://huggingface.co/docs/huggingface_hub/authentication
Invalid username or password.
Info:Model: test/model
Info:Pattern-adjusted size: 0.50 GB
Info:  raspberry_pi: 0.75
Info:  jetson_nano: 0.88
Info:  desktop_pc: 0.97
Info:  aws_server: 1.0
Info:Net size score: 0.93
Info:Size calculation latency: 58 ms
Info:No parent models found - score: 0.0
Info:Treescore: 0.0, latency: 76ms
Info:README not found for test/model
Info:No README found for test/model - returning 0.0
Info:Concurrent thread results unpacked
Info:Error getting model size for test/model: 401 Client Error. (Request ID: Root=1-693a3a80-29669c1761a54dbb52883712;dab98a2d-30fc-4f22-be2d-f64b012eb77c)

Repository Not Found for url: https://huggingface.co/api/models/test/model.
Please make sure you specified the correct `repo_id` and `repo_type`.
If you are trying to access a private or gated repo, make sure you are authenticated. For more details, see https://huggingface.co/docs/huggingface_hub/authentication
Invalid username or password.
Info:Model: test/model
Info:Pattern-adjusted size: 0.50 GB
Info:  raspberry_pi: 0.75
Info:  jetson_nano: 0.88
Info:  desktop_pc: 0.97
Info:  aws_server: 1.0
Info:Net size score: 0.93
Info:Size calculation latency: 96 ms
Info:CardData keys: []
Info:code_repo_hint = None
Info:Begin processing metrics.
Info:Calculating data_quality metric
Info:Calculating code_quality metric
Info:Calculating dataset_and_score metric
Info:Calculating performance_claims metric
Info:Completeness keywords found: 0
Info:Calculating license score for: test/model
Info:Final code quality score: 0.08000000000000002
Info: Calculating bus factor metric
ic
Info: Calculating ramp up time metric
Info:Error: 'createdAt' field not found in API info
Info:Reviewedness score: -1.0 (fraction: -1.0)
Info:No example code found - score: 0.0
Info:Calculating treescore metric
Info:No tag - resorting to number of files
Info:Reproducibility score: 0.0, latency: 2ms
Info:Error getting model size for test/model: 401 Client Error. (Request ID: Root=1-693a3a92-770288786f336c990e2f9375;5838ee68-abe9-4465-9afe-9b51c14427bc)

Repository Not Found for url: https://huggingface.co/api/models/test/model.
Please make sure you specified the correct `repo_id` and `repo_type`.
If you are trying to access a private or gated repo, make sure you are authenticated. For more details, see https://huggingface.co/docs/huggingface_hub/authentication
Invalid username or password.
Info:Model: test/model
Info:Pattern-adjusted size: 0.50 GB
Info:  raspberry_pi: 0.75
Info:  jetson_nano: 0.88
Info:  desktop_pc: 0.97
Info:  aws_server: 1.0
Info:Net size score: 0.93
Info:Size calculation latency: 48 ms
Info:No parent models found - score: 0.0
Info:Treescore: 0.0, latency: 89ms
Info:README not found for test/model
Info:No README found for test/model - returning 0.0
Info:Concurrent thread results unpacked
Info:Error getting model size for test/model: 401 Client Error. (Request ID: Root=1-693a3a95-0a583c9e795fc59b481bb4a5;24075761-902d-47b3-9413-29e1102ccf16)

Repository Not Found for url: https://huggingface.co/api/models/test/model.
Please make sure you specified the correct `repo_id` and `repo_type`.
If you are trying to access a private or gated repo, make sure you are authenticated. For more details, see https://huggingface.co/docs/huggingface_hub/authentication
Invalid username or password.
Info:Model: test/model
Info:Pattern-adjusted size: 0.50 GB
Info:  raspberry_pi: 0.75
Info:  jetson_nano: 0.88
Info:  desktop_pc: 0.97
Info:  aws_server: 1.0
Info:Net size score: 0.93
Info:Size calculation latency: 49 ms
